{
  "version": "1.5.0",
  "plugins_used": [
    {
      "name": "ArtifactoryDetector"
    },
    {
      "name": "AWSKeyDetector"
    },
    {
      "name": "AzureStorageKeyDetector"
    },
    {
      "name": "Base64HighEntropyString",
      "limit": 4.5
    },
    {
      "name": "BasicAuthDetector"
    },
    {
      "name": "CloudantDetector"
    },
    {
      "name": "DiscordBotTokenDetector"
    },
    {
      "name": "GitHubTokenDetector"
    },
    {
      "name": "GitLabTokenDetector"
    },
    {
      "name": "HexHighEntropyString",
      "limit": 3.0
    },
    {
      "name": "IbmCloudIamDetector"
    },
    {
      "name": "IbmCosHmacDetector"
    },
    {
      "name": "IPPublicDetector"
    },
    {
      "name": "JwtTokenDetector"
    },
    {
      "name": "KeywordDetector",
      "keyword_exclude": ""
    },
    {
      "name": "MailchimpDetector"
    },
    {
      "name": "NpmDetector"
    },
    {
      "name": "OpenAIDetector"
    },
    {
      "name": "PrivateKeyDetector"
    },
    {
      "name": "PypiTokenDetector"
    },
    {
      "name": "SendGridDetector"
    },
    {
      "name": "SlackDetector"
    },
    {
      "name": "SoftlayerDetector"
    },
    {
      "name": "SquareOAuthDetector"
    },
    {
      "name": "StripeDetector"
    },
    {
      "name": "TelegramBotTokenDetector"
    },
    {
      "name": "TwilioKeyDetector"
    }
  ],
  "filters_used": [
    {
      "path": "detect_secrets.filters.allowlist.is_line_allowlisted"
    },
    {
      "path": "detect_secrets.filters.common.is_baseline_file",
      "filename": ".secrets.baseline"
    },
    {
      "path": "detect_secrets.filters.common.is_ignored_due_to_verification_policies",
      "min_level": 2
    },
    {
      "path": "detect_secrets.filters.heuristic.is_indirect_reference"
    },
    {
      "path": "detect_secrets.filters.heuristic.is_likely_id_string"
    },
    {
      "path": "detect_secrets.filters.heuristic.is_lock_file"
    },
    {
      "path": "detect_secrets.filters.heuristic.is_not_alphanumeric_string"
    },
    {
      "path": "detect_secrets.filters.heuristic.is_potential_uuid"
    },
    {
      "path": "detect_secrets.filters.heuristic.is_prefixed_with_dollar_sign"
    },
    {
      "path": "detect_secrets.filters.heuristic.is_sequential_string"
    },
    {
      "path": "detect_secrets.filters.heuristic.is_swagger_file"
    },
    {
      "path": "detect_secrets.filters.heuristic.is_templated_secret"
    }
  ],
  "results": {
    "scripts/check.sh": [
      {
        "type": "Secret Keyword",
        "filename": "scripts/check.sh",
        "hashed_secret": "e22586930a5b2f196cd9070b9a4af5c47c1380fa",
        "is_verified": false,
        "line_number": 53
      },
      {
        "type": "Secret Keyword",
        "filename": "scripts/check.sh",
        "hashed_secret": "9d4e1e23bd5b727046a9e3b4b7db57bd8d6ee684",
        "is_verified": false,
        "line_number": 437
      },
      {
        "type": "Secret Keyword",
        "filename": "scripts/check.sh",
        "hashed_secret": "a602e216eb44a3ac5e096036eeaaef6bb9159677",
        "is_verified": false,
        "line_number": 441
      }
    ],
    "tests/fixtures/art-Headcount_AI.json": [
      {
        "type": "Base64 High Entropy String",
        "filename": "tests/fixtures/art-Headcount_AI.json",
        "hashed_secret": "935c40c735878a3f840936083023bb1457a8f152",
        "is_verified": false,
        "line_number": 176
      }
    ],
    "tests/fixtures/art-OpenWiki.json": [
      {
        "type": "Base64 High Entropy String",
        "filename": "tests/fixtures/art-OpenWiki.json",
        "hashed_secret": "cf1534db4a3700e7356f37e5b15459808dc52cb9",
        "is_verified": false,
        "line_number": 476
      }
    ],
    "tests/fixtures/art-Rich_Entities.json": [
      {
        "type": "Base64 High Entropy String",
        "filename": "tests/fixtures/art-Rich_Entities.json",
        "hashed_secret": "4124e25382612088af82448c8d5e95ea40171398",
        "is_verified": false,
        "line_number": 120
      }
    ],
    "tests/fixtures/art-Video_Embed.json": [
      {
        "type": "Base64 High Entropy String",
        "filename": "tests/fixtures/art-Video_Embed.json",
        "hashed_secret": "1f43c9cc931633dfc964f95c2225187a8ab35c21",
        "is_verified": false,
        "line_number": 130
      }
    ],
    "tests/fixtures/art-Wiki_Memory.json": [
      {
        "type": "Base64 High Entropy String",
        "filename": "tests/fixtures/art-Wiki_Memory.json",
        "hashed_secret": "b8cf2aa50cede3f008a49f610a8c90d5135530e8",
        "is_verified": false,
        "line_number": 424
      }
    ],
    "tests/test_evidence_characterization.py": [
      {
        "type": "Hex High Entropy String",
        "filename": "tests/test_evidence_characterization.py",
        "hashed_secret": "828697c302d19e624b9ebd5627af4f5f8350f9f2",
        "is_verified": false,
        "line_number": 194
      },
      {
        "type": "Hex High Entropy String",
        "filename": "tests/test_evidence_characterization.py",
        "hashed_secret": "d40e43a70001535f75715eb7016fd482994b96d5",
        "is_verified": false,
        "line_number": 198
      },
      {
        "type": "Hex High Entropy String",
        "filename": "tests/test_evidence_characterization.py",
        "hashed_secret": "1aa1edb5e842efaf0114362cd20f00f7a6f16717",
        "is_verified": false,
        "line_number": 203
      },
      {
        "type": "Hex High Entropy String",
        "filename": "tests/test_evidence_characterization.py",
        "hashed_secret": "b7f8a2cc0171552fce2ffaa423baf7dd81b35fa8",
        "is_verified": false,
        "line_number": 204
      },
      {
        "type": "Hex High Entropy String",
        "filename": "tests/test_evidence_characterization.py",
        "hashed_secret": "9e8b2ab800638266b255a402a193b216ecba418c",
        "is_verified": false,
        "line_number": 205
      }
    ],
    "tests/test_fetch.py": [
      {
        "type": "Secret Keyword",
        "filename": "tests/test_fetch.py",
        "hashed_secret": "ed5e66488a192d6c73fc2db0bbbe2d0b0bf8529f",
        "is_verified": false,
        "line_number": 284
      }
    ]
  },
  "generated_at": "2026-08-31T09:34:29Z"
}
